commit 562c9c7b09226b6b54c28416d0ac02e0f0336bf6
Author: James Oh <jo9347@cs.rit.edu>
Date:   Thu Nov 9 14:33:38 2023 -0500

    Change content to bytestring


