commit 15b0503ba06d25055d0b7a951a59b7eed0a97267
Author: Codey Devinson <codey@example.com>
Date:   Mon Dec 18 10:04:27 2023 -0500

    Adding text1.txt

commit 78a73c511bcb84c0ff5cb6fd471be649017094bb
Author: James Oh <jo9347@cs.rit.edu>
Date:   Sun Dec 17 18:40:21 2023 -0500

    Initial commit


