tree 0013ee97b010dc8e9646f3c5a9841b62eb754f77

.gitattributes
.gitignore
README.md
assets
docs

